/Users/pankaj.kushwah/git/Blog-Application/blog-app-apis/src/main/java/com/maverick/blog/BlogAppApisApplication.java
/Users/pankaj.kushwah/git/Blog-Application/blog-app-apis/src/main/java/com/maverick/blog/config/AppConstants.java
/Users/pankaj.kushwah/git/Blog-Application/blog-app-apis/src/main/java/com/maverick/blog/config/SecurityConfig.java
/Users/pankaj.kushwah/git/Blog-Application/blog-app-apis/src/main/java/com/maverick/blog/config/SwaggerConfig.java
/Users/pankaj.kushwah/git/Blog-Application/blog-app-apis/src/main/java/com/maverick/blog/controllers/AuthController.java
/Users/pankaj.kushwah/git/Blog-Application/blog-app-apis/src/main/java/com/maverick/blog/controllers/CategoryController.java
/Users/pankaj.kushwah/git/Blog-Application/blog-app-apis/src/main/java/com/maverick/blog/controllers/CommentController.java
/Users/pankaj.kushwah/git/Blog-Application/blog-app-apis/src/main/java/com/maverick/blog/controllers/PostController.java
/Users/pankaj.kushwah/git/Blog-Application/blog-app-apis/src/main/java/com/maverick/blog/controllers/UserController.java
/Users/pankaj.kushwah/git/Blog-Application/blog-app-apis/src/main/java/com/maverick/blog/entities/Category.java
/Users/pankaj.kushwah/git/Blog-Application/blog-app-apis/src/main/java/com/maverick/blog/entities/Comment.java
/Users/pankaj.kushwah/git/Blog-Application/blog-app-apis/src/main/java/com/maverick/blog/entities/Post.java
/Users/pankaj.kushwah/git/Blog-Application/blog-app-apis/src/main/java/com/maverick/blog/entities/Role.java
/Users/pankaj.kushwah/git/Blog-Application/blog-app-apis/src/main/java/com/maverick/blog/entities/User.java
/Users/pankaj.kushwah/git/Blog-Application/blog-app-apis/src/main/java/com/maverick/blog/exceptions/ApiException.java
/Users/pankaj.kushwah/git/Blog-Application/blog-app-apis/src/main/java/com/maverick/blog/exceptions/GlobalExceptionHandler.java
/Users/pankaj.kushwah/git/Blog-Application/blog-app-apis/src/main/java/com/maverick/blog/exceptions/ResourceNotFoundException.java
/Users/pankaj.kushwah/git/Blog-Application/blog-app-apis/src/main/java/com/maverick/blog/payloads/ApiResponse.java
/Users/pankaj.kushwah/git/Blog-Application/blog-app-apis/src/main/java/com/maverick/blog/payloads/CategoryDto.java
/Users/pankaj.kushwah/git/Blog-Application/blog-app-apis/src/main/java/com/maverick/blog/payloads/CommentDto.java
/Users/pankaj.kushwah/git/Blog-Application/blog-app-apis/src/main/java/com/maverick/blog/payloads/JwtAuthRequest.java
/Users/pankaj.kushwah/git/Blog-Application/blog-app-apis/src/main/java/com/maverick/blog/payloads/JwtAuthResponse.java
/Users/pankaj.kushwah/git/Blog-Application/blog-app-apis/src/main/java/com/maverick/blog/payloads/PostDto.java
/Users/pankaj.kushwah/git/Blog-Application/blog-app-apis/src/main/java/com/maverick/blog/payloads/PostResponse.java
/Users/pankaj.kushwah/git/Blog-Application/blog-app-apis/src/main/java/com/maverick/blog/payloads/RoleDto.java
/Users/pankaj.kushwah/git/Blog-Application/blog-app-apis/src/main/java/com/maverick/blog/payloads/UserDto.java
/Users/pankaj.kushwah/git/Blog-Application/blog-app-apis/src/main/java/com/maverick/blog/repositories/CategoryRepo.java
/Users/pankaj.kushwah/git/Blog-Application/blog-app-apis/src/main/java/com/maverick/blog/repositories/CommentRepo.java
/Users/pankaj.kushwah/git/Blog-Application/blog-app-apis/src/main/java/com/maverick/blog/repositories/PostRepo.java
/Users/pankaj.kushwah/git/Blog-Application/blog-app-apis/src/main/java/com/maverick/blog/repositories/RoleRepo.java
/Users/pankaj.kushwah/git/Blog-Application/blog-app-apis/src/main/java/com/maverick/blog/repositories/UserRepo.java
/Users/pankaj.kushwah/git/Blog-Application/blog-app-apis/src/main/java/com/maverick/blog/security/CustomUserDetailService.java
/Users/pankaj.kushwah/git/Blog-Application/blog-app-apis/src/main/java/com/maverick/blog/security/JwtAuthenticationEntryPoint.java
/Users/pankaj.kushwah/git/Blog-Application/blog-app-apis/src/main/java/com/maverick/blog/security/JwtAuthenticationFilter.java
/Users/pankaj.kushwah/git/Blog-Application/blog-app-apis/src/main/java/com/maverick/blog/security/JwtTokenHelper.java
/Users/pankaj.kushwah/git/Blog-Application/blog-app-apis/src/main/java/com/maverick/blog/services/CategoryService.java
/Users/pankaj.kushwah/git/Blog-Application/blog-app-apis/src/main/java/com/maverick/blog/services/CommentService.java
/Users/pankaj.kushwah/git/Blog-Application/blog-app-apis/src/main/java/com/maverick/blog/services/FileService.java
/Users/pankaj.kushwah/git/Blog-Application/blog-app-apis/src/main/java/com/maverick/blog/services/PostService.java
/Users/pankaj.kushwah/git/Blog-Application/blog-app-apis/src/main/java/com/maverick/blog/services/UserService.java
/Users/pankaj.kushwah/git/Blog-Application/blog-app-apis/src/main/java/com/maverick/blog/services/impl/CategoryServiceImpl.java
/Users/pankaj.kushwah/git/Blog-Application/blog-app-apis/src/main/java/com/maverick/blog/services/impl/CommentServiceImpl.java
/Users/pankaj.kushwah/git/Blog-Application/blog-app-apis/src/main/java/com/maverick/blog/services/impl/FileServiceImpl.java
/Users/pankaj.kushwah/git/Blog-Application/blog-app-apis/src/main/java/com/maverick/blog/services/impl/PostServiceImpl.java
/Users/pankaj.kushwah/git/Blog-Application/blog-app-apis/src/main/java/com/maverick/blog/services/impl/UserServiceImpl.java
